// Jest Snapshot v1, https://goo.gl/fbAQLP

exports[`PublicRepos Snapshot 1 1`] = `
<View
  style={
    Object {
      "alignItems": "center",
      "flex": 1,
      "paddingHorizontal": 5,
    }
  }
>
  <Text
    style={
      Object {
        "color": "green",
        "fontSize": 20,
        "fontWeight": "500",
        "paddingVertical": 10,
      }
    }
  >
    Public repositories: 
  </Text>
  <FlatList
    data={Object {}}
    initialNumToRender={8}
    keyExtractor={[Function]}
    renderItem={[Function]}
    scrollEnabled={true}
    showsVerticalScrollIndicator={false}
    testID="flatlist"
  />
</View>
`;

exports[`PublicRepos Snapshot 2 1`] = `
<View
  style={
    Object {
      "alignItems": "center",
      "flex": 1,
      "paddingHorizontal": 5,
    }
  }
>
  <Text
    style={
      Object {
        "color": "green",
        "fontSize": 20,
        "fontWeight": "500",
        "paddingVertical": 10,
      }
    }
  >
    Public repositories: 
  </Text>
  <FlatList
    data={Object {}}
    initialNumToRender={8}
    keyExtractor={[Function]}
    renderItem={[Function]}
    scrollEnabled={true}
    showsVerticalScrollIndicator={false}
    testID="flatlist"
  />
</View>
`;

exports[`PublicRepos useeffect fetch repos 1`] = `
<View
  style={
    Object {
      "alignItems": "center",
      "flex": 1,
      "paddingHorizontal": 5,
    }
  }
>
  <Text
    style={
      Object {
        "color": "green",
        "fontSize": 20,
        "fontWeight": "500",
        "paddingVertical": 10,
      }
    }
  >
    Public repositories: 
  </Text>
  <FlatList
    data={Object {}}
    initialNumToRender={8}
    keyExtractor={[Function]}
    renderItem={[Function]}
    scrollEnabled={true}
    showsVerticalScrollIndicator={false}
    testID="flatlist"
  />
</View>
`;

exports[`PublicRepos webview 1`] = `
<View
  style={
    Object {
      "alignItems": "center",
      "flex": 1,
      "paddingHorizontal": 5,
    }
  }
>
  <Text
    style={
      Object {
        "color": "green",
        "fontSize": 20,
        "fontWeight": "500",
        "paddingVertical": 10,
      }
    }
  >
    Public repositories: 
  </Text>
  <FlatList
    data={Object {}}
    initialNumToRender={8}
    keyExtractor={[Function]}
    renderItem={[Function]}
    scrollEnabled={true}
    showsVerticalScrollIndicator={false}
    testID="flatlist"
  />
</View>
`;
